[dotenv@17.2.3] injecting env (8) from .env -- tip: ÔÜÖ´©Å  suppress all logs with { quiet: true }
--- Amazon API Auth Diagnostic ---
Client ID loaded: YES (72op3...)
Client Secret loaded: YES
----------------------------------

Testing [EU Endpoint + Basic Auth Header]...
Endpoint: https://api.amazon.co.uk/auth/o2/token
Method: HEADER
Status: 401 Unauthorized
node.exe : FAILED. Body: 
{"error_description":"Client authentication 
failed","error":"invalid_client"}
In C:\Program Files\nodejs\npx.ps1:29 Zeichen:3
+   & $NODE_EXE $NPX_CLI_JS $args
+   ~~~~~~~~~~~~~~~~~~~~~~~~~~~~~
    + CategoryInfo          : NotSpecified: (FAIL 
   ED. Body: {...nvalid_client"}:String) [], Rem  
  oteException
    + FullyQualifiedErrorId : NativeCommandError
 
----------------------------------

Testing [EU Endpoint + Body Auth]...
Endpoint: https://api.amazon.co.uk/auth/o2/token
Method: BODY
Status: 401 Unauthorized
FAILED. Body: {"error_description":"Client 
authentication failed","error":"invalid_client"}
----------------------------------

Testing [US Endpoint + Basic Auth Header]...
Endpoint: https://api.amazon.com/auth/o2/token
Method: HEADER
Status: 401 Unauthorized
FAILED. Body: {"error_description":"Client 
authentication failed","error":"invalid_client"}
----------------------------------

Testing [US Endpoint + Body Auth]...
Endpoint: https://api.amazon.com/auth/o2/token
Method: BODY
Status: 401 Unauthorized
----------------------------------

FAILED. Body: {"error_description":"Client 
authentication failed","error":"invalid_client"}
