// Vitest Snapshot v1, https://vitest.dev/guide/snapshot.html

exports[`calculateRequirements (golden) > matches snapshot for fixed fixture input 1`] = `
{
  "battery": {
    "autarchyDays": 3,
    "dailyWh": 160,
    "hasAlternator": false,
    "hasSolar": true,
    "minCapacityAh": 10,
    "recommendedCapacityAh": 50,
    "type": "lifepo4",
    "voltage": 12,
  },
  "booster": {
    "currentA": 0,
    "dailyAlternatorChargeWh": 0,
    "inputCurrentA": 0,
    "inputVoltage": 12,
    "needed": false,
    "needsConversion": false,
    "outputCurrentA": 0,
    "outputVoltage": 12,
  },
  "cables": [
    {
      "currentA": 88,
      "displayName": "Solarmodule → Laderegler",
      "isCritical": false,
      "lengthM": 3,
      "minCrossSection": 26.19,
      "recommendedCrossSection": 35,
      "route": "solar_to_regulator",
      "voltage": 12,
    },
    {
      "currentA": 88,
      "displayName": "Laderegler → Versorgerbatterie",
      "isCritical": false,
      "lengthM": 1,
      "minCrossSection": 8.73,
      "recommendedCrossSection": 25,
      "route": "regulator_to_service",
      "voltage": 12,
    },
    {
      "currentA": 30,
      "displayName": "Batterie → Sicherungskasten",
      "isCritical": false,
      "lengthM": 1,
      "minCrossSection": 2.98,
      "recommendedCrossSection": 6,
      "route": "battery_to_fuse_box",
      "voltage": 12,
    },
  ],
  "charger": {
    "chargingTimeHours": 0,
    "needed": false,
    "recommendedCurrentA": 0,
    "targetCurrentA": 0,
  },
  "controller": {
    "currentA": 88,
    "maxInputWp": 959,
    "needed": true,
    "originalCurrentA": 88,
    "type": "mppt",
  },
  "inverter": {
    "needed": false,
    "peakLoadW": 0,
    "recommendedW": 0,
  },
  "solar": {
    "dailySolarYieldWh": 4239,
    "maxRoofWp": 959,
    "needed": true,
    "portableWp": 0,
    "recommendation": "Dachfläche reicht aus",
    "requiredWp": 51,
    "solarShortfallWh": 0,
    "totalAvailableWp": 959,
  },
}
`;
